// Jest Snapshot v1, https://goo.gl/fbAQLP

exports[`Nav to render navigation 1`] = `
<nav>
  <ul>
    <li>
      <a
        href="/"
        onClick={[Function]}
        onMouseEnter={[Function]}
      >
        Home
      </a>
    </li>
    <ul>
      <li>
        <a
          href="/users/octocat"
          onClick={[Function]}
          onMouseEnter={[Function]}
        >
          Octocat
        </a>
      </li>
    </ul>
  </ul>
  <style
    jsx={true}
  >
    
      nav {
        text-align: center;
      }
      ul {
        display: flex;
        justify-content: space-between;
      }
      nav &gt; ul {
        padding: 4px 16px;
      }
      li {
        display: flex;
        padding: 6px 8px;
      }
      a {
        color: #333;
        text-decoration: none;
        font-size: 13px;
      }
    
  </style>
</nav>
`;
