// Jest Snapshot v1, https://goo.gl/fbAQLP

exports[`Search to render submit form 1`] = `
<form
  onSubmit={[Function]}
>
  <div
    className="title"
  >
    <h1>
      hello
    </h1>
    <h2>
      search-description
    </h2>
  </div>
  <p>
    <input
      onChange={[Function]}
      value="octocat"
    />
  </p>
  <p>
    <button
      onClick={[Function]}
    >
      submit
    </button>
  </p>
  <style
    jsx={true}
  >
    
          .title {
            display: flex;
            justify-content: center;
            align-items: center;
            flex-direction: column;
          }
          input {
            border: 1px solid #333;
            border-radius: 3px;
            font-size: 1.25em;
            height: 2em;
            text-align: center;
            outline: none;
          }
          p {
            display: flex;
            justify-content: center;
            align-items: center;
          }
          button {
            border-radius: 3px;
            background-color: #333;
            color: #fffffc;
            border: none;
            outline: none;
            padding: 0.5em;
            font-size: 1.25em;
          }
        
  </style>
</form>
`;
