// Jest Snapshot v1, https://goo.gl/fbAQLP

exports[`User to render submit form 1`] = `
Array [
  <div
    className="avator"
    style={
      Object {
        "backgroundImage": "url(https://avatars2.githubusercontent.com/u/411486?v=4)",
      }
    }
  />,
  <p>
    <a
      href="https://github.com/sideroad"
    >
      sideroad
    </a>
  </p>,
  <style
    jsx={true}
  >
    
          p,
          div {
            display: flex;
            justify-content: center;
            align-items: center;
          }
          a {
            height: 2em;
            text-align: center;
            outline: none;
            color: #333;
            text-decoration: none;
            font-size: 1.2em;
          }
          .avator {
            border: none;
            border-radius: 50%;
            background-size: cover;
            background-repeat: no-repeat;
            background-position: center;
            width: 100px;
            height: 100px;
            margin: auto;
          }
        
  </style>,
]
`;
