// Jest Snapshot v1, https://goo.gl/fbAQLP

exports[`User to render submit form 1`] = `
Array [
  <div
    className="jsx-4144641293 avator"
    style={
      Object {
        "backgroundImage": "url(https://avatars2.githubusercontent.com/u/411486?v=4)",
      }
    }
  />,
  <p
    className="jsx-4144641293"
  >
    <a
      className="jsx-4144641293"
      href="https://github.com/sideroad"
    >
      sideroad
    </a>
  </p>,
]
`;
