// Jest Snapshot v1, https://goo.gl/fbAQLP

exports[`User to render submit form 1`] = `
<div
  className="jsx-2202639528"
  data-cid="2YoDeJcK"
>
  <div
    className="jsx-2202639528 avator"
    style={
      Object {
        "backgroundImage": "url(https://avatars2.githubusercontent.com/u/411486?v=4)",
      }
    }
  />
  <p
    className="jsx-2202639528"
  >
    <a
      className="jsx-2202639528"
      href="https://github.com/sideroad"
    >
      sideroad
    </a>
  </p>
</div>
`;
